// 重构日志: a6363550
// 重构日志: cb39e4d6
// 重构日志: 8a85ccc2
// 重构日志: b2f9a272
// 同步 ID: 5bb09d63 @ Sun Jul 26 12:29:12 UTC 2026
// 重构日志: 482eef67
// 重构日志: 348166e1
// 重构日志: c6947221
// 同步 ID: 210bb736 @ Mon Jul 27 16:03:02 UTC 2026
// 同步 ID: 83fe0e61 @ Tue Jul 28 04:27:05 UTC 2026
// 重构日志: 2df472b9
// 重构日志: a810a08a
// 同步 ID: 5b78e094 @ Tue Jul 28 17:44:32 UTC 2026
// 重构日志: d33e1470
// 同步 ID: 60a9df8f @ Wed Jul 29 04:32:20 UTC 2026
// 重构日志: beb70e73
// 重构日志: cc220775
// 重构日志: 850fa731
// 同步 ID: d8de686a @ Thu Jul 30 03:59:25 UTC 2026
// 重构日志: 0bf3027e
// 重构日志: 2df80ce4
// 重构日志: 8449f466
// 重构日志: 2dbf1199
// 重构日志: 017f4852
// 重构日志: 30e637b3
// 重构日志: 744896fd
// 同步 ID: 1059a040 @ Mon Aug  3 16:12:49 UTC 2026
// 重构日志: a79ff2e0
// 同步 ID: 4d36fa33 @ Thu Aug  6 06:57:07 UTC 2026
// 同步 ID: 4b1ccb23 @ Thu Aug  6 13:07:52 UTC 2026
